{"asts": {"/tmp/embark/embark_demo/.embark/contracts/simple_storage.sol": {"absolutePath": "/tmp/embark/embark_demo/.embark/contracts/simple_storage.sol", "exportedSymbols": {"SimpleStorage": [37], "T": [6]}, "id": 38, "nodeType": "SourceUnit", "nodes": [{"id": 1, "literals": ["solidity", "^", "0.5", ".0"], "nodeType": "PragmaDirective", "src": "0:23:0"}, {"baseContracts": [], "contractDependencies": [], "contractKind": "contract", "documentation": null, "fullyImplemented": true, "id": 6, "linearizedBaseContracts": [6], "name": "T", "nodeType": "ContractDefinition", "nodes": [{"body": {"id": 4, "nodeType": "Block", "src": "59:7:0", "statements": []}, "documentation": null, "id": 5, "implemented": true, "kind": "function", "modifiers": [], "name": "f", "nodeType": "FunctionDefinition", "parameters": {"id": 2, "nodeType": "ParameterList", "parameters": [], "src": "50:2:0"}, "returnParameters": {"id": 3, "nodeType": "ParameterList", "parameters": [], "src": "59:0:0"}, "scope": 6, "src": "40:26:0", "stateMutability": "nonpayable", "superFunction": null, "visibility": "public"}], "scope": 38, "src": "24:44:0"}, {"baseContracts": [], "contractDependencies": [], "contractKind": "contract", "documentation": null, "fullyImplemented": true, "id": 37, "linearizedBaseContracts": [37], "name": "SimpleStorage", "nodeType": "ContractDefinition", "nodes": [{"constant": false, "id": 8, "name": "storedData", "nodeType": "VariableDeclaration", "scope": 37, "src": "97:22:0", "stateVariable": true, "storageLocation": "default", "typeDescriptions": {"typeIdentifier": "t_uint256", "typeString": "uint256"}, "typeName": {"id": 7, "name": "uint", "nodeType": "ElementaryTypeName", "src": "97:4:0", "typeDescriptions": {"typeIdentifier": "t_uint256", "typeString": "uint256"}}, "value": null, "visibility": "public"}, {"body": {"id": 17, "nodeType": "Block", "src": "162:36:0", "statements": [{"expression": {"argumentTypes": null, "id": 15, "isConstant": false, "isLValue": false, "isPure": false, "lValueRequested": false, "leftHandSide": {"argumentTypes": null, "id": 13, "name": "storedData", "nodeType": "Identifier", "overloadedDeclarations": [], "referencedDeclaration": 8, "src": "168:10:0", "typeDescriptions": {"typeIdentifier": "t_uint256", "typeString": "uint256"}}, "nodeType": "Assignment", "operator": "=", "rightHandSide": {"argumentTypes": null, "id": 14, "name": "initialValue", "nodeType": "Identifier", "overloadedDeclarations": [], "referencedDeclaration": 10, "src": "181:12:0", "typeDescriptions": {"typeIdentifier": "t_uint256", "typeString": "uint256"}}, "src": "168:25:0", "typeDescriptions": {"typeIdentifier": "t_uint256", "typeString": "uint256"}}, "id": 16, "nodeType": "ExpressionStatement", "src": "168:25:0"}]}, "documentation": null, "id": 18, "implemented": true, "kind": "constructor", "modifiers": [], "name": "", "nodeType": "FunctionDefinition", "parameters": {"id": 11, "nodeType": "ParameterList", "parameters": [{"constant": false, "id": 10, "name": "initialValue", "nodeType": "VariableDeclaration", "scope": 18, "src": "136:17:0", "stateVariable": false, "storageLocation": "default", "typeDescriptions": {"typeIdentifier": "t_uint256", "typeString": "uint256"}, "typeName": {"id": 9, "name": "uint", "nodeType": "ElementaryTypeName", "src": "136:4:0", "typeDescriptions": {"typeIdentifier": "t_uint256", "typeString": "uint256"}}, "value": null, "visibility": "internal"}], "src": "135:19:0"}, "returnParameters": {"id": 12, "nodeType": "ParameterList", "parameters": [], "src": "162:0:0"}, "scope": 37, "src": "124:74:0", "stateMutability": "nonpayable", "superFunction": null, "visibility": "public"}, {"body": {"id": 27, "nodeType": "Block", "src": "230:25:0", "statements": [{"expression": {"argumentTypes": null, "id": 25, "isConstant": false, "isLValue": false, "isPure": false, "lValueRequested": false, "leftHandSide": {"argumentTypes": null, "id": 23, "name": "storedData", "nodeType": "Identifier", "overloadedDeclarations": [], "referencedDeclaration": 8, "src": "236:10:0", "typeDescriptions": {"typeIdentifier": "t_uint256", "typeString": "uint256"}}, "nodeType": "Assignment", "operator": "=", "rightHandSide": {"argumentTypes": null, "id": 24, "name": "x", "nodeType": "Identifier", "overloadedDeclarations": [], "referencedDeclaration": 20, "src": "249:1:0", "typeDescriptions": {"typeIdentifier": "t_uint256", "typeString": "uint256"}}, "src": "236:14:0", "typeDescriptions": {"typeIdentifier": "t_uint256", "typeString": "uint256"}}, "id": 26, "nodeType": "ExpressionStatement", "src": "236:14:0"}]}, "documentation": null, "id": 28, "implemented": true, "kind": "function", "modifiers": [], "name": "set", "nodeType": "FunctionDefinition", "parameters": {"id": 21, "nodeType": "ParameterList", "parameters": [{"constant": false, "id": 20, "name": "x", "nodeType": "VariableDeclaration", "scope": 28, "src": "215:6:0", "stateVariable": false, "storageLocation": "default", "typeDescriptions": {"typeIdentifier": "t_uint256", "typeString": "uint256"}, "typeName": {"id": 19, "name": "uint", "nodeType": "ElementaryTypeName", "src": "215:4:0", "typeDescriptions": {"typeIdentifier": "t_uint256", "typeString": "uint256"}}, "value": null, "visibility": "internal"}], "src": "214:8:0"}, "returnParameters": {"id": 22, "nodeType": "ParameterList", "parameters": [], "src": "230:0:0"}, "scope": 37, "src": "202:53:0", "stateMutability": "nonpayable", "superFunction": null, "visibility": "public"}, {"body": {"id": 35, "nodeType": "Block", "src": "308:28:0", "statements": [{"expression": {"argumentTypes": null, "id": 33, "name": "storedData", "nodeType": "Identifier", "overloadedDeclarations": [], "referencedDeclaration": 8, "src": "321:10:0", "typeDescriptions": {"typeIdentifier": "t_uint256", "typeString": "uint256"}}, "functionReturnParameters": 32, "id": 34, "nodeType": "Return", "src": "314:17:0"}]}, "documentation": null, "id": 36, "implemented": true, "kind": "function", "modifiers": [], "name": "get", "nodeType": "FunctionDefinition", "parameters": {"id": 29, "nodeType": "ParameterList", "parameters": [], "src": "271:2:0"}, "returnParameters": {"id": 32, "nodeType": "ParameterList", "parameters": [{"constant": false, "id": 31, "name": "retVal", "nodeType": "VariableDeclaration", "scope": 36, "src": "295:11:0", "stateVariable": false, "storageLocation": "default", "typeDescriptions": {"typeIdentifier": "t_uint256", "typeString": "uint256"}, "typeName": {"id": 30, "name": "uint", "nodeType": "ElementaryTypeName", "src": "295:4:0", "typeDescriptions": {"typeIdentifier": "t_uint256", "typeString": "uint256"}}, "value": null, "visibility": "internal"}], "src": "294:13:0"}, "scope": 37, "src": "259:77:0", "stateMutability": "view", "superFunction": null, "visibility": "public"}], "scope": 38, "src": "70:268:0"}], "src": "0:339:0"}}, "contracts": {"/tmp/embark/embark_demo/.embark/contracts/simple_storage.sol:SimpleStorage": {"abi": [{"constant": true, "inputs": [], "name": "storedData", "outputs": [{"name": "", "type": "uint256"}], "payable": false, "stateMutability": "view", "type": "function"}, {"constant": false, "inputs": [{"name": "x", "type": "uint256"}], "name": "set", "outputs": [], "payable": false, "stateMutability": "nonpayable", "type": "function"}, {"constant": true, "inputs": [], "name": "get", "outputs": [{"name": "retVal", "type": "uint256"}], "payable": false, "stateMutability": "view", "type": "function"}, {"inputs": [{"name": "initialValue", "type": "uint256"}], "payable": false, "stateMutability": "nonpayable", "type": "constructor"}], "bin": "608060405234801561001057600080fd5b506040516020806101358339810180604052602081101561003057600080fd5b505160005560f2806100436000396000f3fe60806040526004361060525763ffffffff7c01000000000000000000000000000000000000000000000000000000006000350416632a1afcd98114605757806360fe47b114607b5780636d4ce63c1460a3575b600080fd5b348015606257600080fd5b50606960b5565b60408051918252519081900360200190f35b348015608657600080fd5b5060a160048036036020811015609b57600080fd5b503560bb565b005b34801560ae57600080fd5b50606960c0565b60005481565b600055565b6000549056fea165627a7a72305820171d15922bac89e7b72f8ee2951a8fc41bb4fcfa124d28f4124d0defdb803aa60029", "bin-runtime": "60806040526004361060525763ffffffff7c01000000000000000000000000000000000000000000000000000000006000350416632a1afcd98114605757806360fe47b114607b5780636d4ce63c1460a3575b600080fd5b348015606257600080fd5b50606960b5565b60408051918252519081900360200190f35b348015608657600080fd5b5060a160048036036020811015609b57600080fd5b503560bb565b005b34801560ae57600080fd5b50606960c0565b60005481565b600055565b6000549056fea165627a7a72305820171d15922bac89e7b72f8ee2951a8fc41bb4fcfa124d28f4124d0defdb803aa60029"}, "/tmp/embark/embark_demo/.embark/contracts/simple_storage.sol:T": {"abi": [{"constant": false, "inputs": [], "name": "f", "outputs": [], "payable": false, "stateMutability": "nonpayable", "type": "function"}], "bin": "6080604052348015600f57600080fd5b5060858061001e6000396000f3fe608060405260043610603e5763ffffffff7c010000000000000000000000000000000000000000000000000000000060003504166326121ff081146043575b600080fd5b348015604e57600080fd5b5060556057565b005b56fea165627a7a7230582036bca8992dad360e81876c89a29585d10485252e39ce0326601d355bc90ca83f0029", "bin-runtime": "608060405260043610603e5763ffffffff7c010000000000000000000000000000000000000000000000000000000060003504166326121ff081146043575b600080fd5b348015604e57600080fd5b5060556057565b005b56fea165627a7a7230582036bca8992dad360e81876c89a29585d10485252e39ce0326601d355bc90ca83f0029"}}}