{"bzzr1": "92df983266c28b6fb4c7c776b695725fd63d55b8cd5d5618b69fb544ce801d85", "solc": "0.5.12"}
