{"asts": {"/tmp/contract.sol": {"absolutePath": "contract.sol", "exportedSymbols": {"C": [5]}, "id": 6, "nodeType": "SourceUnit", "nodes": [{"baseContracts": [], "contractDependencies": [], "contractKind": "contract", "documentation": null, "fullyImplemented": true, "id": 5, "linearizedBaseContracts": [5], "name": "C", "nodeType": "ContractDefinition", "nodes": [{"body": {"id": 3, "nodeType": "Block", "src": "37:8:0", "statements": []}, "documentation": null, "id": 4, "implemented": true, "kind": "function", "modifiers": [], "name": "f", "nodeType": "FunctionDefinition", "parameters": {"id": 1, "nodeType": "ParameterList", "parameters": [], "src": "26:2:0"}, "returnParameters": {"id": 2, "nodeType": "ParameterList", "parameters": [], "src": "37:0:0"}, "scope": 5, "src": "16:29:0", "stateMutability": "nonpayable", "superFunction": null, "visibility": "external"}], "scope": 6, "src": "0:47:0"}], "src": "0:48:0"}}, "contracts": {"/tmp/contract.sol:C": {"abi": [{"constant": false, "inputs": [], "name": "f", "outputs": [], "payable": false, "stateMutability": "nonpayable", "type": "function"}], "bin": "6080604052348015600f57600080fd5b50606380601d6000396000f3fe6080604052348015600f57600080fd5b506004361060285760003560e01c806326121ff014602d575b600080fd5b60336035565b005b56fe", "bin-runtime": "6080604052348015600f57600080fd5b506004361060285760003560e01c806326121ff014602d575b600080fd5b60336035565b005b56fe", "srcmap": "0:47:0:-;;;;8:9:-1;5:2;;;30:1;27;20:12;5:2;0:47:0;;;;;;;", "srcmap-runtime": "0:47:0:-;;;;8:9:-1;5:2;;;30:1;27;20:12;5:2;0:47:0;;;;;;;;;;;;;;;;;;;16:29;;;:::i;:::-;;;:::o", "filenames": {"absolute": "/tmp/contract.sol", "used": "contract.sol"}}}, "compiler": {"compiler": "solc", "version": "0.5.7", "optimized": false}}